exports[`test renders correctly 1`] = `
<div>
  <button>
    Restart level
  </button>
</div>
`;
