exports[`test renders correctly 1`] = `
<div>
  <h1>
    Test Title
  </h1>
  <p>
    by 
    Firstname McSecondname
  </p>
</div>
`;
